Microsoft Windows [Version 10.0.19045.4291]
(c) Microsoft Corporation. All rights reserved.

C:\Users\priyush>mongosh
Current Mongosh Log ID: 663b29decfd689813a6fc1c5
Connecting to:          mongodb://127.0.0.1:27017/?directConnection=true&serverSelectionTimeoutMS=2000&appName=mongosh+2.1.5
Using MongoDB:          7.0.6
Using Mongosh:          2.1.5
mongosh 2.2.5 is available for download: https://www.mongodb.com/try/download/shell

For mongosh info see: https://docs.mongodb.com/mongodb-shell/

------
   The server generated these startup warnings when booting
   2024-05-08T02:55:44.019+05:30: Access control is not enabled for the database. Read and write access to data and configuration is unrestricted
------

test> use Products
switched to db Products
Products> db.shop.find({price:{$gt: 100}}).count().explain()
TypeError: db.shop.find({ ... ount().explain is not a function
Products> db.products.find({ name: 'Air Fryer' }).explain("executionStats");
{
  explainVersion: '1',
  queryPlanner: {
    namespace: 'Products.products',
    indexFilterSet: false,
    parsedQuery: { name: { '$eq': 'Air Fryer' } },
    maxIndexedOrSolutionsReached: false,
    maxIndexedAndSolutionsReached: false,
    maxScansToExplodeReached: false,
    winningPlan: { stage: 'EOF' },
    rejectedPlans: []
  },
  executionStats: {
    executionSuccess: true,
    nReturned: 0,
    executionTimeMillis: 0,
    totalKeysExamined: 0,
    totalDocsExamined: 0,
    executionStages: {
      stage: 'EOF',
      nReturned: 0,
      executionTimeMillisEstimate: 0,
      works: 1,
      advanced: 0,
      needTime: 0,
      needYield: 0,
      saveState: 0,
      restoreState: 0,
      isEOF: 1
    }
  },
  command: {
    find: 'products',
    filter: { name: 'Air Fryer' },
    '$db': 'Products'
  },
  serverInfo: {
    host: 'DESKTOP-4LIEFFS',
    port: 27017,
    version: '7.0.6',
    gitVersion: '66cdc1f28172cb33ff68263050d73d4ade73b9a4'
  },
  serverParameters: {
    internalQueryFacetBufferSizeBytes: 104857600,
    internalQueryFacetMaxOutputDocSizeBytes: 104857600,
    internalLookupStageIntermediateDocumentMaxSizeBytes: 104857600,
    internalDocumentSourceGroupMaxMemoryBytes: 104857600,
    internalQueryMaxBlockingSortMemoryUsageBytes: 104857600,
    internalQueryProhibitBlockingMergeOnMongoS: 0,
    internalQueryMaxAddToSetBytes: 104857600,
    internalDocumentSourceSetWindowFieldsMaxMemoryBytes: 104857600,
    internalQueryFrameworkControl: 'trySbeRestricted'
  },
  ok: 1
}
Products> db.shop.getIndexes()
[ { v: 2, key: { _id: 1 }, name: '_id_' } ]
Products> db.shop.getIndexes()
[ { v: 2, key: { _id: 1 }, name: '_id_' } ]
Products> db.shop.createIndex({'name':1})
name_1
Products> db.shop.dropIndex({name:1})
{ nIndexesWas: 2, ok: 1 }
Products> db.shop.getIndexes()
[ { v: 2, key: { _id: 1 }, name: '_id_' } ]
Products> db.collection.createIndex({ field: 1 }, { unique: true });
field_1
Products> db.collection.createIndex({ field: "text" });
field_text
Products> db.shop.getIndexes()
[ { v: 2, key: { _id: 1 }, name: '_id_' } ]
Products> db.shop.find({ field: { $regex: "air" } })

Products>